// Vitest Snapshot v1, https://vitest.dev/guide/snapshot.html

exports[`veTable column hidden > columnHiddenOption defaultHiddenColumnKeys prop 1`] = `
<div class="vue-table-root">
  <div style="width: 100%;" class="ve-table ve-table-border-around">
    <div class="ve-table-container" style="height: 0px;">
      <!---->
      <div class="ve-table-content-wrapper">
        <table class="ve-table-content ve-table-border-x">
          <colgroup>
            <col style="width: 130px;">
            <col style="width: 140px;">
            <col style="width: 140px;">
            <col style="width: 150px;">
            <col style="width: 160px;">
          </colgroup>
          <thead class="ve-table-fixed-header ve-table-header">
            <tr class="ve-table-header-tr">
              <th style="text-align: center; top: 0px;" class="ve-table-header-th" rowspan="1" colspan="3">
                <!---->col4-col5-col6
                <!---->
                <!---->
                <!---->
              </th>
              <th style="text-align: center; top: 0px;" class="ve-table-header-th" rowspan="3" colspan="1">
                <!---->col7
                <!---->
                <!---->
                <!---->
              </th>
              <th style="text-align: center; top: 0px;" class="ve-table-header-th ve-table-last-column" rowspan="3" colspan="1">
                <!---->col8
                <!---->
                <!---->
                <!---->
              </th>
            </tr>
            <tr class="ve-table-header-tr">
              <th style="text-align: center; top: 0px;" class="ve-table-header-th" rowspan="1" colspan="2">
                <!---->col4-col5
                <!---->
                <!---->
                <!---->
              </th>
              <th style="text-align: center; top: 0px;" class="ve-table-header-th" rowspan="2" colspan="1">
                <!---->col6
                <!---->
                <!---->
                <!---->
              </th>
            </tr>
            <tr class="ve-table-header-tr">
              <th style="text-align: center; top: 0px;" class="ve-table-header-th" rowspan="1" colspan="1">
                <!---->col4
                <!---->
                <!---->
                <!---->
              </th>
              <th style="text-align: center; top: 0px;" class="ve-table-header-th" rowspan="1" colspan="1">
                <!---->col5
                <!---->
                <!---->
                <!---->
              </th>
            </tr>
          </thead>
          <tbody class="ve-table-body ve-table-row-hover ve-table-row-highlight">
            <tr style="height: 0px;">
              <td style="padding: 0px; border: 0px; height: 0px;">
                <!---->
              </td>
              <td style="padding: 0px; border: 0px; height: 0px;">
                <!---->
              </td>
              <td style="padding: 0px; border: 0px; height: 0px;">
                <!---->
              </td>
              <td style="padding: 0px; border: 0px; height: 0px;">
                <!---->
              </td>
              <td style="padding: 0px; border: 0px; height: 0px;">
                <!---->
              </td>
            </tr>
            <tr class="ve-table-body-tr">
              <td class="ve-table-body-td" style="text-align: center;" rowspan="1" colspan="1" col-key="col4">
                <!---->
                <!---->
                <!---->col4-1
              </td>
              <td class="ve-table-body-td" style="text-align: center;" rowspan="1" colspan="1" col-key="col5">
                <!---->
                <!---->
                <!---->col5-1
              </td>
              <td class="ve-table-body-td" style="text-align: center;" rowspan="1" colspan="1" col-key="col6">
                <!---->
                <!---->
                <!---->col6-1
              </td>
              <td class="ve-table-body-td" style="text-align: center;" rowspan="1" colspan="1" col-key="col7">
                <!---->
                <!---->
                <!---->col7-1
              </td>
              <td class="ve-table-body-td" style="text-align: center;" rowspan="1" colspan="1" col-key="col8">
                <!---->
                <!---->
                <!---->col8-1
              </td>
            </tr>
            <!---->
          </tbody>
          <tfoot class="ve-table-fixed-footer ve-table-footer"></tfoot>
        </table>
        <!---->
      </div>
    </div>
    <!---->
    <!---->
    <!---->
  </div>
</div>
`;
